Archive member included to satisfy reference by file (symbol)

./Build/libstm32f7.a(stm32f7xx_hal_rcc.o)
                              /tmp/ccpezoMo.o (HAL_RCC_OscConfig)
./Build/libstm32f7.a(stm32f7xx_hal.o)
                              ./Build/libstm32f7.a(stm32f7xx_hal_rcc.o) (HAL_InitTick)
./Build/libstm32f7.a(stm32f7xx_hal_gpio.o)
                              ./Build/libstm32f7.a(stm32f7xx_hal_rcc.o) (HAL_GPIO_Init)
./Build/libstm32f7.a(stm32f7xx_hal_cortex.o)
                              ./Build/libstm32f7.a(stm32f7xx_hal.o) (HAL_NVIC_SetPriorityGrouping)
./Build/libstm32f7.a(stm32f7xx_hal_pwr_ex.o)
                              /tmp/ccpezoMo.o (HAL_PWREx_EnableOverDrive)
./Build/libstm32f7.a(stm32746g_discovery.o)
                              /tmp/ccpezoMo.o (BSP_LED_Init)
./Build/libstm32f7.a(stm32f7xx_hal_uart.o)
                              ./Build/libstm32f7.a(stm32746g_discovery.o) (HAL_UART_DeInit)
./Build/libstm32f7.a(stm32f7xx_hal_i2c.o)
                              ./Build/libstm32f7.a(stm32746g_discovery.o) (HAL_I2C_Init)
./Build/libstm32f7.a(stm32f7xx_hal_dma.o)
                              ./Build/libstm32f7.a(stm32f7xx_hal_uart.o) (HAL_DMA_Start_IT)
/usr/bin/../lib/gcc/arm-none-eabi/5.2.1/../../../../arm-none-eabi/lib/armv7e-m/fpu/libg.a(lib_a-exit.o)
                              /usr/bin/../lib/gcc/arm-none-eabi/5.2.1/../../../../arm-none-eabi/lib/armv7e-m/fpu/crt0.o (exit)
/usr/bin/../lib/gcc/arm-none-eabi/5.2.1/../../../../arm-none-eabi/lib/armv7e-m/fpu/libg.a(lib_a-impure.o)
                              /usr/bin/../lib/gcc/arm-none-eabi/5.2.1/../../../../arm-none-eabi/lib/armv7e-m/fpu/libg.a(lib_a-exit.o) (_global_impure_ptr)
/usr/bin/../lib/gcc/arm-none-eabi/5.2.1/../../../../arm-none-eabi/lib/armv7e-m/fpu/libg.a(lib_a-init.o)
                              /usr/bin/../lib/gcc/arm-none-eabi/5.2.1/../../../../arm-none-eabi/lib/armv7e-m/fpu/crt0.o (__libc_init_array)
/usr/bin/../lib/gcc/arm-none-eabi/5.2.1/../../../../arm-none-eabi/lib/armv7e-m/fpu/libg.a(lib_a-memset.o)
                              /usr/bin/../lib/gcc/arm-none-eabi/5.2.1/../../../../arm-none-eabi/lib/armv7e-m/fpu/crt0.o (memset)
/usr/bin/../lib/gcc/arm-none-eabi/5.2.1/../../../../arm-none-eabi/lib/armv7e-m/fpu/libg.a(lib_a-__call_atexit.o)
                              /usr/bin/../lib/gcc/arm-none-eabi/5.2.1/../../../../arm-none-eabi/lib/armv7e-m/fpu/libg.a(lib_a-exit.o) (__call_exitprocs)
/usr/bin/../lib/gcc/arm-none-eabi/5.2.1/../../../../arm-none-eabi/lib/armv7e-m/fpu/libg.a(lib_a-atexit.o)
                              /usr/bin/../lib/gcc/arm-none-eabi/5.2.1/../../../../arm-none-eabi/lib/armv7e-m/fpu/libg.a(lib_a-__call_atexit.o) (atexit)
/usr/bin/../lib/gcc/arm-none-eabi/5.2.1/../../../../arm-none-eabi/lib/armv7e-m/fpu/libg.a(lib_a-fini.o)
                              /usr/bin/../lib/gcc/arm-none-eabi/5.2.1/../../../../arm-none-eabi/lib/armv7e-m/fpu/libg.a(lib_a-__call_atexit.o) (__libc_fini_array)
/usr/bin/../lib/gcc/arm-none-eabi/5.2.1/../../../../arm-none-eabi/lib/armv7e-m/fpu/libg.a(lib_a-__atexit.o)
                              /usr/bin/../lib/gcc/arm-none-eabi/5.2.1/../../../../arm-none-eabi/lib/armv7e-m/fpu/libg.a(lib_a-atexit.o) (__register_exitproc)

Discarded input sections

 .text          0x0000000000000000        0x0 /usr/bin/../lib/gcc/arm-none-eabi/5.2.1/armv7e-m/fpu/crti.o
 .data          0x0000000000000000        0x0 /usr/bin/../lib/gcc/arm-none-eabi/5.2.1/armv7e-m/fpu/crti.o
 .bss           0x0000000000000000        0x0 /usr/bin/../lib/gcc/arm-none-eabi/5.2.1/armv7e-m/fpu/crti.o
 .data          0x0000000000000000        0x4 /usr/bin/../lib/gcc/arm-none-eabi/5.2.1/armv7e-m/fpu/crtbegin.o
 .text          0x0000000000000000       0x74 /usr/bin/../lib/gcc/arm-none-eabi/5.2.1/../../../../arm-none-eabi/lib/armv7e-m/fpu/crt0.o
 .data          0x0000000000000000        0x0 /usr/bin/../lib/gcc/arm-none-eabi/5.2.1/../../../../arm-none-eabi/lib/armv7e-m/fpu/crt0.o
 .bss           0x0000000000000000        0x0 /usr/bin/../lib/gcc/arm-none-eabi/5.2.1/../../../../arm-none-eabi/lib/armv7e-m/fpu/crt0.o
 .ARM.extab     0x0000000000000000        0x0 /usr/bin/../lib/gcc/arm-none-eabi/5.2.1/../../../../arm-none-eabi/lib/armv7e-m/fpu/crt0.o
 .ARM.exidx     0x0000000000000000        0x8 /usr/bin/../lib/gcc/arm-none-eabi/5.2.1/../../../../arm-none-eabi/lib/armv7e-m/fpu/crt0.o
 .ARM.attributes
                0x0000000000000000       0x20 /usr/bin/../lib/gcc/arm-none-eabi/5.2.1/../../../../arm-none-eabi/lib/armv7e-m/fpu/crt0.o
 .text          0x0000000000000000        0x0 /tmp/ccpezoMo.o
 .data          0x0000000000000000        0x0 /tmp/ccpezoMo.o
 .bss           0x0000000000000000        0x0 /tmp/ccpezoMo.o
 .text          0x0000000000000000       0x14 /tmp/ccFcAG90.o
 .data          0x0000000000000000        0x0 /tmp/ccFcAG90.o
 .bss           0x0000000000000000        0x0 /tmp/ccFcAG90.o
 .text          0x0000000000000000        0x0 /tmp/ccsxPtSD.o
 .data          0x0000000000000000        0x0 /tmp/ccsxPtSD.o
 .bss           0x0000000000000000        0x0 /tmp/ccsxPtSD.o
 .text.HAL_MspDeInit
                0x0000000000000000        0x2 /tmp/ccsxPtSD.o
 .text          0x0000000000000000        0x0 /tmp/cc9ID4Xg.o
 .data          0x0000000000000000        0x0 /tmp/cc9ID4Xg.o
 .bss           0x0000000000000000        0x0 /tmp/cc9ID4Xg.o
 .text          0x0000000000000000        0x0 /tmp/ccgom6qU.o
 .data          0x0000000000000000        0x0 /tmp/ccgom6qU.o
 .bss           0x0000000000000000        0x0 /tmp/ccgom6qU.o
 .text.SystemCoreClockUpdate
                0x0000000000000000       0x74 /tmp/ccgom6qU.o
 .data.AHBPrescTable
                0x0000000000000000       0x10 /tmp/ccgom6qU.o
 .text          0x0000000000000000        0x0 ./Build/libstm32f7.a(stm32f7xx_hal_rcc.o)
 .data          0x0000000000000000        0x0 ./Build/libstm32f7.a(stm32f7xx_hal_rcc.o)
 .bss           0x0000000000000000        0x0 ./Build/libstm32f7.a(stm32f7xx_hal_rcc.o)
 .text.HAL_RCC_DeInit
                0x0000000000000000       0x4c ./Build/libstm32f7.a(stm32f7xx_hal_rcc.o)
 .text.HAL_RCC_MCOConfig
                0x0000000000000000       0x94 ./Build/libstm32f7.a(stm32f7xx_hal_rcc.o)
 .text.HAL_RCC_EnableCSS
                0x0000000000000000       0x10 ./Build/libstm32f7.a(stm32f7xx_hal_rcc.o)
 .text.HAL_RCC_DisableCSS
                0x0000000000000000       0x10 ./Build/libstm32f7.a(stm32f7xx_hal_rcc.o)
 .text.HAL_RCC_GetPCLK1Freq
                0x0000000000000000       0x2c ./Build/libstm32f7.a(stm32f7xx_hal_rcc.o)
 .text.HAL_RCC_GetPCLK2Freq
                0x0000000000000000       0x2c ./Build/libstm32f7.a(stm32f7xx_hal_rcc.o)
 .text.HAL_RCC_GetOscConfig
                0x0000000000000000       0xd4 ./Build/libstm32f7.a(stm32f7xx_hal_rcc.o)
 .text.HAL_RCC_GetClockConfig
                0x0000000000000000       0x3c ./Build/libstm32f7.a(stm32f7xx_hal_rcc.o)
 .text.HAL_RCC_CSSCallback
                0x0000000000000000        0xc ./Build/libstm32f7.a(stm32f7xx_hal_rcc.o)
 .text.HAL_RCC_NMI_IRQHandler
                0x0000000000000000       0x20 ./Build/libstm32f7.a(stm32f7xx_hal_rcc.o)
 .text          0x0000000000000000        0x0 ./Build/libstm32f7.a(stm32f7xx_hal.o)
 .data          0x0000000000000000        0x0 ./Build/libstm32f7.a(stm32f7xx_hal.o)
 .bss           0x0000000000000000        0x0 ./Build/libstm32f7.a(stm32f7xx_hal.o)
 .text.HAL_MspDeInit
                0x0000000000000000        0xc ./Build/libstm32f7.a(stm32f7xx_hal.o)
 .text.HAL_MspInit
                0x0000000000000000        0x4 ./Build/libstm32f7.a(stm32f7xx_hal.o)
 .text.HAL_DeInit
                0x0000000000000000       0x2c ./Build/libstm32f7.a(stm32f7xx_hal.o)
 .text.HAL_SuspendTick
                0x0000000000000000       0x10 ./Build/libstm32f7.a(stm32f7xx_hal.o)
 .text.HAL_ResumeTick
                0x0000000000000000       0x10 ./Build/libstm32f7.a(stm32f7xx_hal.o)
 .text.HAL_GetHalVersion
                0x0000000000000000        0x8 ./Build/libstm32f7.a(stm32f7xx_hal.o)
 .text.HAL_GetREVID
                0x0000000000000000        0xc ./Build/libstm32f7.a(stm32f7xx_hal.o)
 .text.HAL_GetDEVID
                0x0000000000000000       0x10 ./Build/libstm32f7.a(stm32f7xx_hal.o)
 .text.HAL_DBGMCU_EnableDBGSleepMode
                0x0000000000000000       0x10 ./Build/libstm32f7.a(stm32f7xx_hal.o)
 .text.HAL_DBGMCU_DisableDBGSleepMode
                0x0000000000000000       0x10 ./Build/libstm32f7.a(stm32f7xx_hal.o)
 .text.HAL_DBGMCU_EnableDBGStopMode
                0x0000000000000000       0x10 ./Build/libstm32f7.a(stm32f7xx_hal.o)
 .text.HAL_DBGMCU_DisableDBGStopMode
                0x0000000000000000       0x10 ./Build/libstm32f7.a(stm32f7xx_hal.o)
 .text.HAL_DBGMCU_EnableDBGStandbyMode
                0x0000000000000000       0x10 ./Build/libstm32f7.a(stm32f7xx_hal.o)
 .text.HAL_DBGMCU_DisableDBGStandbyMode
                0x0000000000000000       0x10 ./Build/libstm32f7.a(stm32f7xx_hal.o)
 .text.HAL_EnableCompensationCell
                0x0000000000000000       0x10 ./Build/libstm32f7.a(stm32f7xx_hal.o)
 .text.HAL_DisableCompensationCell
                0x0000000000000000       0x10 ./Build/libstm32f7.a(stm32f7xx_hal.o)
 .text.HAL_EnableFMCMemorySwapping
                0x0000000000000000       0x10 ./Build/libstm32f7.a(stm32f7xx_hal.o)
 .text.HAL_DisableFMCMemorySwapping
                0x0000000000000000       0x10 ./Build/libstm32f7.a(stm32f7xx_hal.o)
 .text          0x0000000000000000        0x0 ./Build/libstm32f7.a(stm32f7xx_hal_gpio.o)
 .data          0x0000000000000000        0x0 ./Build/libstm32f7.a(stm32f7xx_hal_gpio.o)
 .bss           0x0000000000000000        0x0 ./Build/libstm32f7.a(stm32f7xx_hal_gpio.o)
 .text.HAL_GPIO_DeInit
                0x0000000000000000      0x14c ./Build/libstm32f7.a(stm32f7xx_hal_gpio.o)
 .text.HAL_GPIO_ReadPin
                0x0000000000000000        0xc ./Build/libstm32f7.a(stm32f7xx_hal_gpio.o)
 .text.HAL_GPIO_LockPin
                0x0000000000000000       0x2a ./Build/libstm32f7.a(stm32f7xx_hal_gpio.o)
 .text.HAL_GPIO_EXTI_Callback
                0x0000000000000000        0xc ./Build/libstm32f7.a(stm32f7xx_hal_gpio.o)
 .text.HAL_GPIO_EXTI_IRQHandler
                0x0000000000000000       0x18 ./Build/libstm32f7.a(stm32f7xx_hal_gpio.o)
 .text          0x0000000000000000        0x0 ./Build/libstm32f7.a(stm32f7xx_hal_cortex.o)
 .data          0x0000000000000000        0x0 ./Build/libstm32f7.a(stm32f7xx_hal_cortex.o)
 .bss           0x0000000000000000        0x0 ./Build/libstm32f7.a(stm32f7xx_hal_cortex.o)
 .text.HAL_NVIC_EnableIRQ
                0x0000000000000000       0x18 ./Build/libstm32f7.a(stm32f7xx_hal_cortex.o)
 .text.HAL_NVIC_DisableIRQ
                0x0000000000000000       0x1c ./Build/libstm32f7.a(stm32f7xx_hal_cortex.o)
 .text.HAL_NVIC_SystemReset
                0x0000000000000000       0x24 ./Build/libstm32f7.a(stm32f7xx_hal_cortex.o)
 .text.HAL_NVIC_GetPriorityGrouping
                0x0000000000000000       0x10 ./Build/libstm32f7.a(stm32f7xx_hal_cortex.o)
 .text.HAL_NVIC_GetPriority
                0x0000000000000000       0x58 ./Build/libstm32f7.a(stm32f7xx_hal_cortex.o)
 .text.HAL_NVIC_SetPendingIRQ
                0x0000000000000000       0x1c ./Build/libstm32f7.a(stm32f7xx_hal_cortex.o)
 .text.HAL_NVIC_GetPendingIRQ
                0x0000000000000000       0x1c ./Build/libstm32f7.a(stm32f7xx_hal_cortex.o)
 .text.HAL_NVIC_ClearPendingIRQ
                0x0000000000000000       0x1c ./Build/libstm32f7.a(stm32f7xx_hal_cortex.o)
 .text.HAL_NVIC_GetActive
                0x0000000000000000       0x1c ./Build/libstm32f7.a(stm32f7xx_hal_cortex.o)
 .text.HAL_SYSTICK_CLKSourceConfig
                0x0000000000000000       0x18 ./Build/libstm32f7.a(stm32f7xx_hal_cortex.o)
 .text.HAL_SYSTICK_Callback
                0x0000000000000000        0xc ./Build/libstm32f7.a(stm32f7xx_hal_cortex.o)
 .text.HAL_SYSTICK_IRQHandler
                0x0000000000000000        0x8 ./Build/libstm32f7.a(stm32f7xx_hal_cortex.o)
 .text          0x0000000000000000        0x0 ./Build/libstm32f7.a(stm32f7xx_hal_pwr_ex.o)
 .data          0x0000000000000000        0x0 ./Build/libstm32f7.a(stm32f7xx_hal_pwr_ex.o)
 .bss           0x0000000000000000        0x0 ./Build/libstm32f7.a(stm32f7xx_hal_pwr_ex.o)
 .text.HAL_PWREx_EnableBkUpReg
                0x0000000000000000       0x30 ./Build/libstm32f7.a(stm32f7xx_hal_pwr_ex.o)
 .text.HAL_PWREx_DisableBkUpReg
                0x0000000000000000       0x30 ./Build/libstm32f7.a(stm32f7xx_hal_pwr_ex.o)
 .text.HAL_PWREx_EnableFlashPowerDown
                0x0000000000000000       0x10 ./Build/libstm32f7.a(stm32f7xx_hal_pwr_ex.o)
 .text.HAL_PWREx_DisableFlashPowerDown
                0x0000000000000000       0x10 ./Build/libstm32f7.a(stm32f7xx_hal_pwr_ex.o)
 .text.HAL_PWREx_EnableMainRegulatorLowVoltage
                0x0000000000000000       0x10 ./Build/libstm32f7.a(stm32f7xx_hal_pwr_ex.o)
 .text.HAL_PWREx_DisableMainRegulatorLowVoltage
                0x0000000000000000       0x10 ./Build/libstm32f7.a(stm32f7xx_hal_pwr_ex.o)
 .text.HAL_PWREx_EnableLowRegulatorLowVoltage
                0x0000000000000000       0x10 ./Build/libstm32f7.a(stm32f7xx_hal_pwr_ex.o)
 .text.HAL_PWREx_DisableLowRegulatorLowVoltage
                0x0000000000000000       0x10 ./Build/libstm32f7.a(stm32f7xx_hal_pwr_ex.o)
 .text.HAL_PWREx_DisableOverDrive
                0x0000000000000000       0x74 ./Build/libstm32f7.a(stm32f7xx_hal_pwr_ex.o)
 .text.HAL_PWREx_EnterUnderDriveSTOPMode
                0x0000000000000000       0x94 ./Build/libstm32f7.a(stm32f7xx_hal_pwr_ex.o)
 .text.HAL_PWREx_GetVoltageRange
                0x0000000000000000       0x10 ./Build/libstm32f7.a(stm32f7xx_hal_pwr_ex.o)
 .text.HAL_PWREx_ControlVoltageScaling
                0x0000000000000000       0xb4 ./Build/libstm32f7.a(stm32f7xx_hal_pwr_ex.o)
 .text          0x0000000000000000        0x0 ./Build/libstm32f7.a(stm32746g_discovery.o)
 .data          0x0000000000000000        0x0 ./Build/libstm32f7.a(stm32746g_discovery.o)
 .bss           0x0000000000000000        0x0 ./Build/libstm32f7.a(stm32746g_discovery.o)
 .text.I2Cx_Init
                0x0000000000000000      0x160 ./Build/libstm32f7.a(stm32746g_discovery.o)
 .text.I2Cx_ReadMultiple
                0x0000000000000000       0x30 ./Build/libstm32f7.a(stm32746g_discovery.o)
 .text.I2Cx_WriteMultiple
                0x0000000000000000       0x30 ./Build/libstm32f7.a(stm32746g_discovery.o)
 .text.BSP_GetVersion
                0x0000000000000000        0x6 ./Build/libstm32f7.a(stm32746g_discovery.o)
 .text.BSP_LED_DeInit
                0x0000000000000000       0x20 ./Build/libstm32f7.a(stm32746g_discovery.o)
 .text.BSP_PB_Init
                0x0000000000000000       0xd0 ./Build/libstm32f7.a(stm32746g_discovery.o)
 .text.BSP_PB_DeInit
                0x0000000000000000       0x30 ./Build/libstm32f7.a(stm32746g_discovery.o)
 .text.BSP_PB_GetState
                0x0000000000000000       0x1c ./Build/libstm32f7.a(stm32746g_discovery.o)
 .text.BSP_COM_Init
                0x0000000000000000       0xa0 ./Build/libstm32f7.a(stm32746g_discovery.o)
 .text.BSP_COM_DeInit
                0x0000000000000000       0x28 ./Build/libstm32f7.a(stm32746g_discovery.o)
 .text.AUDIO_IO_DeInit
                0x0000000000000000        0x2 ./Build/libstm32f7.a(stm32746g_discovery.o)
 .text.AUDIO_IO_Write
                0x0000000000000000       0x24 ./Build/libstm32f7.a(stm32746g_discovery.o)
 .text.AUDIO_IO_Read
                0x0000000000000000       0x2c ./Build/libstm32f7.a(stm32746g_discovery.o)
 .text.AUDIO_IO_Delay
                0x0000000000000000        0x4 ./Build/libstm32f7.a(stm32746g_discovery.o)
 .text.CAMERA_IO_Write
                0x0000000000000000       0x20 ./Build/libstm32f7.a(stm32746g_discovery.o)
 .text.CAMERA_IO_Read
                0x0000000000000000       0x28 ./Build/libstm32f7.a(stm32746g_discovery.o)
 .text.CAMERA_Delay
                0x0000000000000000        0x4 ./Build/libstm32f7.a(stm32746g_discovery.o)
 .text.EEPROM_IO_Init
                0x0000000000000000        0xc ./Build/libstm32f7.a(stm32746g_discovery.o)
 .text.CAMERA_IO_Init
                0x0000000000000000        0x4 ./Build/libstm32f7.a(stm32746g_discovery.o)
 .text.EEPROM_IO_WriteData
                0x0000000000000000       0x20 ./Build/libstm32f7.a(stm32746g_discovery.o)
 .text.EEPROM_IO_ReadData
                0x0000000000000000       0x20 ./Build/libstm32f7.a(stm32746g_discovery.o)
 .text.EEPROM_IO_IsDeviceReady
                0x0000000000000000       0x14 ./Build/libstm32f7.a(stm32746g_discovery.o)
 .text.TS_IO_Init
                0x0000000000000000        0xc ./Build/libstm32f7.a(stm32746g_discovery.o)
 .text.AUDIO_IO_Init
                0x0000000000000000        0x4 ./Build/libstm32f7.a(stm32746g_discovery.o)
 .text.TS_IO_Write
                0x0000000000000000       0x20 ./Build/libstm32f7.a(stm32746g_discovery.o)
 .text.TS_IO_Read
                0x0000000000000000       0x28 ./Build/libstm32f7.a(stm32746g_discovery.o)
 .text.TS_IO_Delay
                0x0000000000000000        0x4 ./Build/libstm32f7.a(stm32746g_discovery.o)
 .data.COM_TX_PORT
                0x0000000000000000        0x4 ./Build/libstm32f7.a(stm32746g_discovery.o)
 .rodata.BUTTON_IRQn
                0x0000000000000000        0x6 ./Build/libstm32f7.a(stm32746g_discovery.o)
 .rodata.COM_TX_PIN
                0x0000000000000000        0x2 ./Build/libstm32f7.a(stm32746g_discovery.o)
 .rodata.BUTTON_PIN
                0x0000000000000000        0x6 ./Build/libstm32f7.a(stm32746g_discovery.o)
 .bss.hI2cExtHandler
                0x0000000000000000       0x3c ./Build/libstm32f7.a(stm32746g_discovery.o)
 .rodata.GPIO_PIN
                0x0000000000000000        0x4 ./Build/libstm32f7.a(stm32746g_discovery.o)
 .rodata.COM_TX_AF
                0x0000000000000000        0x2 ./Build/libstm32f7.a(stm32746g_discovery.o)
 .data.COM_RX_PORT
                0x0000000000000000        0x4 ./Build/libstm32f7.a(stm32746g_discovery.o)
 .rodata.COM_RX_PIN
                0x0000000000000000        0x2 ./Build/libstm32f7.a(stm32746g_discovery.o)
 .data.BUTTON_PORT
                0x0000000000000000        0xc ./Build/libstm32f7.a(stm32746g_discovery.o)
 .bss.hI2cAudioHandler
                0x0000000000000000       0x3c ./Build/libstm32f7.a(stm32746g_discovery.o)
 .rodata.COM_RX_AF
                0x0000000000000000        0x2 ./Build/libstm32f7.a(stm32746g_discovery.o)
 .data.COM_USART
                0x0000000000000000        0x4 ./Build/libstm32f7.a(stm32746g_discovery.o)
 .text          0x0000000000000000        0x0 ./Build/libstm32f7.a(stm32f7xx_hal_uart.o)
 .data          0x0000000000000000        0x0 ./Build/libstm32f7.a(stm32f7xx_hal_uart.o)
 .bss           0x0000000000000000        0x0 ./Build/libstm32f7.a(stm32f7xx_hal_uart.o)
 .text.HAL_UART_MspInit
                0x0000000000000000        0x2 ./Build/libstm32f7.a(stm32f7xx_hal_uart.o)
 .text.HAL_UART_MspDeInit
                0x0000000000000000        0x2 ./Build/libstm32f7.a(stm32f7xx_hal_uart.o)
 .text.HAL_UART_DeInit
                0x0000000000000000       0x34 ./Build/libstm32f7.a(stm32f7xx_hal_uart.o)
 .text.HAL_UART_Transmit_IT
                0x0000000000000000       0x64 ./Build/libstm32f7.a(stm32f7xx_hal_uart.o)
 .text.HAL_UART_Receive_IT
                0x0000000000000000       0xa2 ./Build/libstm32f7.a(stm32f7xx_hal_uart.o)
 .text.HAL_UART_Transmit_DMA
                0x0000000000000000       0x88 ./Build/libstm32f7.a(stm32f7xx_hal_uart.o)
 .text.HAL_UART_Receive_DMA
                0x0000000000000000       0x84 ./Build/libstm32f7.a(stm32f7xx_hal_uart.o)
 .text.HAL_UART_DMAPause
                0x0000000000000000       0x5c ./Build/libstm32f7.a(stm32f7xx_hal_uart.o)
 .text.HAL_UART_DMAResume
                0x0000000000000000       0x62 ./Build/libstm32f7.a(stm32f7xx_hal_uart.o)
 .text.HAL_UART_DMAStop
                0x0000000000000000       0x30 ./Build/libstm32f7.a(stm32f7xx_hal_uart.o)
 .text.UART_WaitOnFlagUntilTimeout
                0x0000000000000000       0x8a ./Build/libstm32f7.a(stm32f7xx_hal_uart.o)
 .text.HAL_UART_Transmit
                0x0000000000000000       0xb8 ./Build/libstm32f7.a(stm32f7xx_hal_uart.o)
 .text.HAL_UART_Receive
                0x0000000000000000       0xe2 ./Build/libstm32f7.a(stm32f7xx_hal_uart.o)
 .text.HAL_UART_TxCpltCallback
                0x0000000000000000        0x2 ./Build/libstm32f7.a(stm32f7xx_hal_uart.o)
 .text.UART_DMATransmitCplt
                0x0000000000000000       0x2e ./Build/libstm32f7.a(stm32f7xx_hal_uart.o)
 .text.HAL_UART_TxHalfCpltCallback
                0x0000000000000000        0x2 ./Build/libstm32f7.a(stm32f7xx_hal_uart.o)
 .text.UART_DMATxHalfCplt
                0x0000000000000000        0xa ./Build/libstm32f7.a(stm32f7xx_hal_uart.o)
 .text.HAL_UART_RxCpltCallback
                0x0000000000000000        0x2 ./Build/libstm32f7.a(stm32f7xx_hal_uart.o)
 .text.UART_DMAReceiveCplt
                0x0000000000000000       0x34 ./Build/libstm32f7.a(stm32f7xx_hal_uart.o)
 .text.HAL_UART_RxHalfCpltCallback
                0x0000000000000000        0x2 ./Build/libstm32f7.a(stm32f7xx_hal_uart.o)
 .text.UART_DMARxHalfCplt
                0x0000000000000000        0xa ./Build/libstm32f7.a(stm32f7xx_hal_uart.o)
 .text.HAL_UART_ErrorCallback
                0x0000000000000000        0x2 ./Build/libstm32f7.a(stm32f7xx_hal_uart.o)
 .text.UART_DMAError
                0x0000000000000000       0x22 ./Build/libstm32f7.a(stm32f7xx_hal_uart.o)
 .text.HAL_UART_IRQHandler
                0x0000000000000000      0x1be ./Build/libstm32f7.a(stm32f7xx_hal_uart.o)
 .text.HAL_MultiProcessor_EnterMuteMode
                0x0000000000000000        0xc ./Build/libstm32f7.a(stm32f7xx_hal_uart.o)
 .text.HAL_UART_GetState
                0x0000000000000000        0x6 ./Build/libstm32f7.a(stm32f7xx_hal_uart.o)
 .text.HAL_UART_GetError
                0x0000000000000000        0x4 ./Build/libstm32f7.a(stm32f7xx_hal_uart.o)
 .text.UART_SetConfig
                0x0000000000000000      0x254 ./Build/libstm32f7.a(stm32f7xx_hal_uart.o)
 .text.UART_AdvFeatureConfig
                0x0000000000000000       0xaa ./Build/libstm32f7.a(stm32f7xx_hal_uart.o)
 .text.UART_CheckIdleState
                0x0000000000000000       0x50 ./Build/libstm32f7.a(stm32f7xx_hal_uart.o)
 .text.HAL_UART_Init
                0x0000000000000000       0x64 ./Build/libstm32f7.a(stm32f7xx_hal_uart.o)
 .text.HAL_HalfDuplex_Init
                0x0000000000000000       0x6c ./Build/libstm32f7.a(stm32f7xx_hal_uart.o)
 .text.HAL_LIN_Init
                0x0000000000000000       0x7a ./Build/libstm32f7.a(stm32f7xx_hal_uart.o)
 .text.HAL_MultiProcessor_Init
                0x0000000000000000       0x86 ./Build/libstm32f7.a(stm32f7xx_hal_uart.o)
 .text.HAL_MultiProcessor_EnableMuteMode
                0x0000000000000000       0x34 ./Build/libstm32f7.a(stm32f7xx_hal_uart.o)
 .text.HAL_MultiProcessor_DisableMuteMode
                0x0000000000000000       0x34 ./Build/libstm32f7.a(stm32f7xx_hal_uart.o)
 .text.HAL_HalfDuplex_EnableTransmitter
                0x0000000000000000       0x32 ./Build/libstm32f7.a(stm32f7xx_hal_uart.o)
 .text.HAL_HalfDuplex_EnableReceiver
                0x0000000000000000       0x32 ./Build/libstm32f7.a(stm32f7xx_hal_uart.o)
 .text.HAL_LIN_SendBreak
                0x0000000000000000       0x2a ./Build/libstm32f7.a(stm32f7xx_hal_uart.o)
 .rodata.CSWTCH.36
                0x0000000000000000        0x4 ./Build/libstm32f7.a(stm32f7xx_hal_uart.o)
 .rodata.CSWTCH.37
                0x0000000000000000        0xd ./Build/libstm32f7.a(stm32f7xx_hal_uart.o)
 .debug_info    0x0000000000000000     0x1471 ./Build/libstm32f7.a(stm32f7xx_hal_uart.o)
 .debug_abbrev  0x0000000000000000      0x2ca ./Build/libstm32f7.a(stm32f7xx_hal_uart.o)
 .debug_loc     0x0000000000000000      0xd57 ./Build/libstm32f7.a(stm32f7xx_hal_uart.o)
 .debug_aranges
                0x0000000000000000      0x120 ./Build/libstm32f7.a(stm32f7xx_hal_uart.o)
 .debug_ranges  0x0000000000000000      0x110 ./Build/libstm32f7.a(stm32f7xx_hal_uart.o)
 .debug_line    0x0000000000000000      0xa1e ./Build/libstm32f7.a(stm32f7xx_hal_uart.o)
 .debug_str     0x0000000000000000      0xcfc ./Build/libstm32f7.a(stm32f7xx_hal_uart.o)
 .comment       0x0000000000000000       0x6f ./Build/libstm32f7.a(stm32f7xx_hal_uart.o)
 .debug_frame   0x0000000000000000      0x390 ./Build/libstm32f7.a(stm32f7xx_hal_uart.o)
 .ARM.attributes
                0x0000000000000000       0x39 ./Build/libstm32f7.a(stm32f7xx_hal_uart.o)
 .text          0x0000000000000000        0x0 ./Build/libstm32f7.a(stm32f7xx_hal_i2c.o)
 .data          0x0000000000000000        0x0 ./Build/libstm32f7.a(stm32f7xx_hal_i2c.o)
 .bss           0x0000000000000000        0x0 ./Build/libstm32f7.a(stm32f7xx_hal_i2c.o)
 .text.I2C_TransferConfig
                0x0000000000000000       0x24 ./Build/libstm32f7.a(stm32f7xx_hal_i2c.o)
 .text.I2C_IsAcknowledgeFailed
                0x0000000000000000       0x74 ./Build/libstm32f7.a(stm32f7xx_hal_i2c.o)
 .text.I2C_WaitOnFlagUntilTimeout
                0x0000000000000000       0x70 ./Build/libstm32f7.a(stm32f7xx_hal_i2c.o)
 .text.I2C_WaitOnRXNEFlagUntilTimeout
                0x0000000000000000       0x74 ./Build/libstm32f7.a(stm32f7xx_hal_i2c.o)
 .text.I2C_WaitOnTXISFlagUntilTimeout
                0x0000000000000000       0x50 ./Build/libstm32f7.a(stm32f7xx_hal_i2c.o)
 .text.I2C_RequestMemoryWrite
                0x0000000000000000       0x60 ./Build/libstm32f7.a(stm32f7xx_hal_i2c.o)
 .text.I2C_RequestMemoryRead
                0x0000000000000000       0x5e ./Build/libstm32f7.a(stm32f7xx_hal_i2c.o)
 .text.I2C_WaitOnSTOPFlagUntilTimeout
                0x0000000000000000       0x4c ./Build/libstm32f7.a(stm32f7xx_hal_i2c.o)
 .text.HAL_I2C_MspInit
                0x0000000000000000        0x2 ./Build/libstm32f7.a(stm32f7xx_hal_i2c.o)
 .text.HAL_I2C_Init
                0x0000000000000000       0x96 ./Build/libstm32f7.a(stm32f7xx_hal_i2c.o)
 .text.HAL_I2C_MspDeInit
                0x0000000000000000        0x2 ./Build/libstm32f7.a(stm32f7xx_hal_i2c.o)
 .text.HAL_I2C_DeInit
                0x0000000000000000       0x2c ./Build/libstm32f7.a(stm32f7xx_hal_i2c.o)
 .text.HAL_I2C_Master_Transmit
                0x0000000000000000       0xfc ./Build/libstm32f7.a(stm32f7xx_hal_i2c.o)
 .text.HAL_I2C_Master_Receive
                0x0000000000000000       0xfc ./Build/libstm32f7.a(stm32f7xx_hal_i2c.o)
 .text.HAL_I2C_Slave_Transmit
                0x0000000000000000      0x122 ./Build/libstm32f7.a(stm32f7xx_hal_i2c.o)
 .text.HAL_I2C_Slave_Receive
                0x0000000000000000      0x10c ./Build/libstm32f7.a(stm32f7xx_hal_i2c.o)
 .text.HAL_I2C_Master_Transmit_IT
                0x0000000000000000       0x86 ./Build/libstm32f7.a(stm32f7xx_hal_i2c.o)
 .text.HAL_I2C_Master_Receive_IT
                0x0000000000000000       0x86 ./Build/libstm32f7.a(stm32f7xx_hal_i2c.o)
 .text.HAL_I2C_Slave_Transmit_IT
                0x0000000000000000       0x48 ./Build/libstm32f7.a(stm32f7xx_hal_i2c.o)
 .text.HAL_I2C_Slave_Receive_IT
                0x0000000000000000       0x48 ./Build/libstm32f7.a(stm32f7xx_hal_i2c.o)
 .text.HAL_I2C_Master_Transmit_DMA
                0x0000000000000000       0xcc ./Build/libstm32f7.a(stm32f7xx_hal_i2c.o)
 .text.HAL_I2C_Master_Receive_DMA
                0x0000000000000000       0xc0 ./Build/libstm32f7.a(stm32f7xx_hal_i2c.o)
 .text.HAL_I2C_Slave_Transmit_DMA
                0x0000000000000000       0xb8 ./Build/libstm32f7.a(stm32f7xx_hal_i2c.o)
 .text.HAL_I2C_Slave_Receive_DMA
                0x0000000000000000       0xa8 ./Build/libstm32f7.a(stm32f7xx_hal_i2c.o)
 .text.HAL_I2C_Mem_Write
                0x0000000000000000      0x124 ./Build/libstm32f7.a(stm32f7xx_hal_i2c.o)
 .text.HAL_I2C_Mem_Read
                0x0000000000000000      0x12c ./Build/libstm32f7.a(stm32f7xx_hal_i2c.o)
 .text.HAL_I2C_Mem_Write_IT
                0x0000000000000000       0xb4 ./Build/libstm32f7.a(stm32f7xx_hal_i2c.o)
 .text.HAL_I2C_Mem_Read_IT
                0x0000000000000000       0xb4 ./Build/libstm32f7.a(stm32f7xx_hal_i2c.o)
 .text.HAL_I2C_Mem_Write_DMA
                0x0000000000000000       0xe4 ./Build/libstm32f7.a(stm32f7xx_hal_i2c.o)
 .text.HAL_I2C_Mem_Read_DMA
                0x0000000000000000       0xe8 ./Build/libstm32f7.a(stm32f7xx_hal_i2c.o)
 .text.HAL_I2C_IsDeviceReady
                0x0000000000000000      0x10c ./Build/libstm32f7.a(stm32f7xx_hal_i2c.o)
 .text.HAL_I2C_MasterTxCpltCallback
                0x0000000000000000        0x2 ./Build/libstm32f7.a(stm32f7xx_hal_i2c.o)
 .text.HAL_I2C_MasterRxCpltCallback
                0x0000000000000000        0x2 ./Build/libstm32f7.a(stm32f7xx_hal_i2c.o)
 .text.HAL_I2C_SlaveTxCpltCallback
                0x0000000000000000        0x2 ./Build/libstm32f7.a(stm32f7xx_hal_i2c.o)
 .text.HAL_I2C_SlaveRxCpltCallback
                0x0000000000000000        0x2 ./Build/libstm32f7.a(stm32f7xx_hal_i2c.o)
 .text.HAL_I2C_MemTxCpltCallback
                0x0000000000000000        0x2 ./Build/libstm32f7.a(stm32f7xx_hal_i2c.o)
 .text.HAL_I2C_MemRxCpltCallback
                0x0000000000000000        0x2 ./Build/libstm32f7.a(stm32f7xx_hal_i2c.o)
 .text.HAL_I2C_ErrorCallback
                0x0000000000000000        0x2 ./Build/libstm32f7.a(stm32f7xx_hal_i2c.o)
 .text.I2C_DMAError
                0x0000000000000000       0x26 ./Build/libstm32f7.a(stm32f7xx_hal_i2c.o)
 .text.I2C_DMAMasterTransmitCplt
                0x0000000000000000      0x134 ./Build/libstm32f7.a(stm32f7xx_hal_i2c.o)
 .text.I2C_DMAMasterReceiveCplt
                0x0000000000000000      0x144 ./Build/libstm32f7.a(stm32f7xx_hal_i2c.o)
 .text.I2C_DMASlaveTransmitCplt
                0x0000000000000000       0x64 ./Build/libstm32f7.a(stm32f7xx_hal_i2c.o)
 .text.I2C_DMASlaveReceiveCplt
                0x0000000000000000       0x6c ./Build/libstm32f7.a(stm32f7xx_hal_i2c.o)
 .text.I2C_DMAMemTransmitCplt
                0x0000000000000000      0x134 ./Build/libstm32f7.a(stm32f7xx_hal_i2c.o)
 .text.I2C_DMAMemReceiveCplt
                0x0000000000000000      0x144 ./Build/libstm32f7.a(stm32f7xx_hal_i2c.o)
 .text.HAL_I2C_EV_IRQHandler
                0x0000000000000000      0x470 ./Build/libstm32f7.a(stm32f7xx_hal_i2c.o)
 .text.HAL_I2C_ER_IRQHandler
                0x0000000000000000       0x62 ./Build/libstm32f7.a(stm32f7xx_hal_i2c.o)
 .text.HAL_I2C_GetState
                0x0000000000000000        0x6 ./Build/libstm32f7.a(stm32f7xx_hal_i2c.o)
 .text.HAL_I2C_GetError
                0x0000000000000000        0x4 ./Build/libstm32f7.a(stm32f7xx_hal_i2c.o)
 .debug_info    0x0000000000000000     0x24f3 ./Build/libstm32f7.a(stm32f7xx_hal_i2c.o)
 .debug_abbrev  0x0000000000000000      0x2c6 ./Build/libstm32f7.a(stm32f7xx_hal_i2c.o)
 .debug_loc     0x0000000000000000     0x1fad ./Build/libstm32f7.a(stm32f7xx_hal_i2c.o)
 .debug_aranges
                0x0000000000000000      0x160 ./Build/libstm32f7.a(stm32f7xx_hal_i2c.o)
 .debug_ranges  0x0000000000000000      0x180 ./Build/libstm32f7.a(stm32f7xx_hal_i2c.o)
 .debug_line    0x0000000000000000      0xfa4 ./Build/libstm32f7.a(stm32f7xx_hal_i2c.o)
 .debug_str     0x0000000000000000      0xbbf ./Build/libstm32f7.a(stm32f7xx_hal_i2c.o)
 .comment       0x0000000000000000       0x6f ./Build/libstm32f7.a(stm32f7xx_hal_i2c.o)
 .debug_frame   0x0000000000000000      0x564 ./Build/libstm32f7.a(stm32f7xx_hal_i2c.o)
 .ARM.attributes
                0x0000000000000000       0x39 ./Build/libstm32f7.a(stm32f7xx_hal_i2c.o)
 .text          0x0000000000000000        0x0 ./Build/libstm32f7.a(stm32f7xx_hal_dma.o)
 .data          0x0000000000000000        0x0 ./Build/libstm32f7.a(stm32f7xx_hal_dma.o)
 .bss           0x0000000000000000        0x0 ./Build/libstm32f7.a(stm32f7xx_hal_dma.o)
 .text.DMA_CalcBaseAndBitshift
                0x0000000000000000       0x2c ./Build/libstm32f7.a(stm32f7xx_hal_dma.o)
 .text.HAL_DMA_Init
                0x0000000000000000       0x74 ./Build/libstm32f7.a(stm32f7xx_hal_dma.o)
 .text.HAL_DMA_DeInit
                0x0000000000000000       0x46 ./Build/libstm32f7.a(stm32f7xx_hal_dma.o)
 .text.HAL_DMA_Start
                0x0000000000000000       0x4c ./Build/libstm32f7.a(stm32f7xx_hal_dma.o)
 .text.HAL_DMA_Start_IT
                0x0000000000000000       0x5c ./Build/libstm32f7.a(stm32f7xx_hal_dma.o)
 .text.HAL_DMA_Abort
                0x0000000000000000       0x4c ./Build/libstm32f7.a(stm32f7xx_hal_dma.o)
 .text.HAL_DMA_PollForTransfer
                0x0000000000000000      0x12c ./Build/libstm32f7.a(stm32f7xx_hal_dma.o)
 .text.HAL_DMA_IRQHandler
                0x0000000000000000      0x164 ./Build/libstm32f7.a(stm32f7xx_hal_dma.o)
 .text.HAL_DMA_GetState
                0x0000000000000000        0x6 ./Build/libstm32f7.a(stm32f7xx_hal_dma.o)
 .text.HAL_DMA_GetError
                0x0000000000000000        0x4 ./Build/libstm32f7.a(stm32f7xx_hal_dma.o)
 .rodata.flagBitshiftOffset.11418
                0x0000000000000000        0x8 ./Build/libstm32f7.a(stm32f7xx_hal_dma.o)
 .debug_info    0x0000000000000000      0x7fc ./Build/libstm32f7.a(stm32f7xx_hal_dma.o)
 .debug_abbrev  0x0000000000000000      0x270 ./Build/libstm32f7.a(stm32f7xx_hal_dma.o)
 .debug_loc     0x0000000000000000      0x524 ./Build/libstm32f7.a(stm32f7xx_hal_dma.o)
 .debug_aranges
                0x0000000000000000       0x68 ./Build/libstm32f7.a(stm32f7xx_hal_dma.o)
 .debug_ranges  0x0000000000000000       0x58 ./Build/libstm32f7.a(stm32f7xx_hal_dma.o)
 .debug_line    0x0000000000000000      0x3ce ./Build/libstm32f7.a(stm32f7xx_hal_dma.o)
 .debug_str     0x0000000000000000      0x66f ./Build/libstm32f7.a(stm32f7xx_hal_dma.o)
 .comment       0x0000000000000000       0x6f ./Build/libstm32f7.a(stm32f7xx_hal_dma.o)
 .debug_frame   0x0000000000000000      0x120 ./Build/libstm32f7.a(stm32f7xx_hal_dma.o)
 .ARM.attributes
                0x0000000000000000       0x39 ./Build/libstm32f7.a(stm32f7xx_hal_dma.o)
 .text          0x0000000000000000        0x0 /usr/bin/../lib/gcc/arm-none-eabi/5.2.1/../../../../arm-none-eabi/lib/armv7e-m/fpu/libg.a(lib_a-exit.o)
 .data          0x0000000000000000        0x0 /usr/bin/../lib/gcc/arm-none-eabi/5.2.1/../../../../arm-none-eabi/lib/armv7e-m/fpu/libg.a(lib_a-exit.o)
 .bss           0x0000000000000000        0x0 /usr/bin/../lib/gcc/arm-none-eabi/5.2.1/../../../../arm-none-eabi/lib/armv7e-m/fpu/libg.a(lib_a-exit.o)
 .text.exit     0x0000000000000000       0x20 /usr/bin/../lib/gcc/arm-none-eabi/5.2.1/../../../../arm-none-eabi/lib/armv7e-m/fpu/libg.a(lib_a-exit.o)
 .debug_frame   0x0000000000000000       0x28 /usr/bin/../lib/gcc/arm-none-eabi/5.2.1/../../../../arm-none-eabi/lib/armv7e-m/fpu/libg.a(lib_a-exit.o)
 .ARM.attributes
                0x0000000000000000       0x34 /usr/bin/../lib/gcc/arm-none-eabi/5.2.1/../../../../arm-none-eabi/lib/armv7e-m/fpu/libg.a(lib_a-exit.o)
 .text          0x0000000000000000        0x0 /usr/bin/../lib/gcc/arm-none-eabi/5.2.1/../../../../arm-none-eabi/lib/armv7e-m/fpu/libg.a(lib_a-impure.o)
 .data          0x0000000000000000        0x0 /usr/bin/../lib/gcc/arm-none-eabi/5.2.1/../../../../arm-none-eabi/lib/armv7e-m/fpu/libg.a(lib_a-impure.o)
 .bss           0x0000000000000000        0x0 /usr/bin/../lib/gcc/arm-none-eabi/5.2.1/../../../../arm-none-eabi/lib/armv7e-m/fpu/libg.a(lib_a-impure.o)
 .data._impure_ptr
                0x0000000000000000        0x4 /usr/bin/../lib/gcc/arm-none-eabi/5.2.1/../../../../arm-none-eabi/lib/armv7e-m/fpu/libg.a(lib_a-impure.o)
 .text          0x0000000000000000        0x0 /usr/bin/../lib/gcc/arm-none-eabi/5.2.1/../../../../arm-none-eabi/lib/armv7e-m/fpu/libg.a(lib_a-init.o)
 .data          0x0000000000000000        0x0 /usr/bin/../lib/gcc/arm-none-eabi/5.2.1/../../../../arm-none-eabi/lib/armv7e-m/fpu/libg.a(lib_a-init.o)
 .bss           0x0000000000000000        0x0 /usr/bin/../lib/gcc/arm-none-eabi/5.2.1/../../../../arm-none-eabi/lib/armv7e-m/fpu/libg.a(lib_a-init.o)
 .text          0x0000000000000000        0x0 /usr/bin/../lib/gcc/arm-none-eabi/5.2.1/../../../../arm-none-eabi/lib/armv7e-m/fpu/libg.a(lib_a-memset.o)
 .data          0x0000000000000000        0x0 /usr/bin/../lib/gcc/arm-none-eabi/5.2.1/../../../../arm-none-eabi/lib/armv7e-m/fpu/libg.a(lib_a-memset.o)
 .bss           0x0000000000000000        0x0 /usr/bin/../lib/gcc/arm-none-eabi/5.2.1/../../../../arm-none-eabi/lib/armv7e-m/fpu/libg.a(lib_a-memset.o)
 .text.memset   0x0000000000000000       0x9c /usr/bin/../lib/gcc/arm-none-eabi/5.2.1/../../../../arm-none-eabi/lib/armv7e-m/fpu/libg.a(lib_a-memset.o)
 .debug_frame   0x0000000000000000       0x34 /usr/bin/../lib/gcc/arm-none-eabi/5.2.1/../../../../arm-none-eabi/lib/armv7e-m/fpu/libg.a(lib_a-memset.o)
 .ARM.attributes
                0x0000000000000000       0x34 /usr/bin/../lib/gcc/arm-none-eabi/5.2.1/../../../../arm-none-eabi/lib/armv7e-m/fpu/libg.a(lib_a-memset.o)
 .text          0x0000000000000000        0x0 /usr/bin/../lib/gcc/arm-none-eabi/5.2.1/../../../../arm-none-eabi/lib/armv7e-m/fpu/libg.a(lib_a-__call_atexit.o)
 .data          0x0000000000000000        0x0 /usr/bin/../lib/gcc/arm-none-eabi/5.2.1/../../../../arm-none-eabi/lib/armv7e-m/fpu/libg.a(lib_a-__call_atexit.o)
 .bss           0x0000000000000000        0x0 /usr/bin/../lib/gcc/arm-none-eabi/5.2.1/../../../../arm-none-eabi/lib/armv7e-m/fpu/libg.a(lib_a-__call_atexit.o)
 .text.__call_exitprocs
                0x0000000000000000       0xd8 /usr/bin/../lib/gcc/arm-none-eabi/5.2.1/../../../../arm-none-eabi/lib/armv7e-m/fpu/libg.a(lib_a-__call_atexit.o)
 .text          0x0000000000000000        0x0 /usr/bin/../lib/gcc/arm-none-eabi/5.2.1/../../../../arm-none-eabi/lib/armv7e-m/fpu/libg.a(lib_a-atexit.o)
 .data          0x0000000000000000        0x0 /usr/bin/../lib/gcc/arm-none-eabi/5.2.1/../../../../arm-none-eabi/lib/armv7e-m/fpu/libg.a(lib_a-atexit.o)
 .bss           0x0000000000000000        0x0 /usr/bin/../lib/gcc/arm-none-eabi/5.2.1/../../../../arm-none-eabi/lib/armv7e-m/fpu/libg.a(lib_a-atexit.o)
 .text          0x0000000000000000        0x0 /usr/bin/../lib/gcc/arm-none-eabi/5.2.1/../../../../arm-none-eabi/lib/armv7e-m/fpu/libg.a(lib_a-fini.o)
 .data          0x0000000000000000        0x0 /usr/bin/../lib/gcc/arm-none-eabi/5.2.1/../../../../arm-none-eabi/lib/armv7e-m/fpu/libg.a(lib_a-fini.o)
 .bss           0x0000000000000000        0x0 /usr/bin/../lib/gcc/arm-none-eabi/5.2.1/../../../../arm-none-eabi/lib/armv7e-m/fpu/libg.a(lib_a-fini.o)
 .text          0x0000000000000000        0x0 /usr/bin/../lib/gcc/arm-none-eabi/5.2.1/../../../../arm-none-eabi/lib/armv7e-m/fpu/libg.a(lib_a-__atexit.o)
 .data          0x0000000000000000        0x0 /usr/bin/../lib/gcc/arm-none-eabi/5.2.1/../../../../arm-none-eabi/lib/armv7e-m/fpu/libg.a(lib_a-__atexit.o)
 .bss           0x0000000000000000        0x0 /usr/bin/../lib/gcc/arm-none-eabi/5.2.1/../../../../arm-none-eabi/lib/armv7e-m/fpu/libg.a(lib_a-__atexit.o)
 .text          0x0000000000000000        0x0 /usr/bin/../lib/gcc/arm-none-eabi/5.2.1/armv7e-m/fpu/crtend.o
 .data          0x0000000000000000        0x0 /usr/bin/../lib/gcc/arm-none-eabi/5.2.1/armv7e-m/fpu/crtend.o
 .bss           0x0000000000000000        0x0 /usr/bin/../lib/gcc/arm-none-eabi/5.2.1/armv7e-m/fpu/crtend.o
 .eh_frame      0x0000000000000000        0x4 /usr/bin/../lib/gcc/arm-none-eabi/5.2.1/armv7e-m/fpu/crtend.o
 .jcr           0x0000000000000000        0x4 /usr/bin/../lib/gcc/arm-none-eabi/5.2.1/armv7e-m/fpu/crtend.o
 .text          0x0000000000000000        0x0 /usr/bin/../lib/gcc/arm-none-eabi/5.2.1/armv7e-m/fpu/crtn.o
 .data          0x0000000000000000        0x0 /usr/bin/../lib/gcc/arm-none-eabi/5.2.1/armv7e-m/fpu/crtn.o
 .bss           0x0000000000000000        0x0 /usr/bin/../lib/gcc/arm-none-eabi/5.2.1/armv7e-m/fpu/crtn.o

Memory Configuration

Name             Origin             Length             Attributes
FLASH            0x0000000008000000 0x0000000000100000 xr
RAM              0x0000000020000000 0x0000000000050000 xrw
*default*        0x0000000000000000 0xffffffffffffffff

Linker script and memory map

LOAD /usr/bin/../lib/gcc/arm-none-eabi/5.2.1/armv7e-m/fpu/crti.o
LOAD /usr/bin/../lib/gcc/arm-none-eabi/5.2.1/armv7e-m/fpu/crtbegin.o
LOAD /usr/bin/../lib/gcc/arm-none-eabi/5.2.1/../../../../arm-none-eabi/lib/armv7e-m/fpu/crt0.o
LOAD /tmp/ccpezoMo.o
LOAD /tmp/ccFcAG90.o
LOAD /tmp/ccsxPtSD.o
LOAD /tmp/cc9ID4Xg.o
LOAD /tmp/ccgom6qU.o
LOAD ./Build/libstm32f7.a
START GROUP
LOAD /usr/bin/../lib/gcc/arm-none-eabi/5.2.1/armv7e-m/fpu/libgcc.a
LOAD /usr/bin/../lib/gcc/arm-none-eabi/5.2.1/../../../../arm-none-eabi/lib/armv7e-m/fpu/libg.a
LOAD /usr/bin/../lib/gcc/arm-none-eabi/5.2.1/../../../../arm-none-eabi/lib/armv7e-m/fpu/libc.a
END GROUP
LOAD /usr/bin/../lib/gcc/arm-none-eabi/5.2.1/armv7e-m/fpu/crtend.o
LOAD /usr/bin/../lib/gcc/arm-none-eabi/5.2.1/armv7e-m/fpu/crtn.o
                0x000000002004ffff                _estack = 0x2004ffff
                0x0000000000000200                _Min_Heap_Size = 0x200
                0x0000000000000400                _Min_Stack_Size = 0x400

.isr_vector     0x0000000008000000      0x1c8
                0x0000000008000000                . = ALIGN (0x4)
 *(.isr_vector)
 .isr_vector    0x0000000008000000      0x1c8 /tmp/ccFcAG90.o
                0x0000000008000000                g_pfnVectors
                0x00000000080001c8                . = ALIGN (0x4)

.text           0x00000000080001c8      0xee0
                0x00000000080001c8                . = ALIGN (0x4)
 *(.text)
 .text          0x00000000080001c8       0xa4 /usr/bin/../lib/gcc/arm-none-eabi/5.2.1/armv7e-m/fpu/crtbegin.o
 *(.text*)
 .text.unlikely.Error_Handler
                0x000000000800026c       0x22 /tmp/ccpezoMo.o
 *fill*         0x000000000800028e        0x2 
 .text.startup.main
                0x0000000008000290      0x180 /tmp/ccpezoMo.o
                0x0000000008000290                main
 .text.Reset_Handler
                0x0000000008000410       0x50 /tmp/ccFcAG90.o
                0x0000000008000410                Reset_Handler
 .text.Default_Handler
                0x0000000008000460        0x2 /tmp/ccFcAG90.o
                0x0000000008000460                RTC_Alarm_IRQHandler
                0x0000000008000460                EXTI2_IRQHandler
                0x0000000008000460                TIM8_CC_IRQHandler
                0x0000000008000460                UART8_IRQHandler
                0x0000000008000460                SPI4_IRQHandler
                0x0000000008000460                TIM1_CC_IRQHandler
                0x0000000008000460                DMA2_Stream5_IRQHandler
                0x0000000008000460                DMA1_Stream5_IRQHandler
                0x0000000008000460                PVD_IRQHandler
                0x0000000008000460                TAMP_STAMP_IRQHandler
                0x0000000008000460                CAN2_RX1_IRQHandler
                0x0000000008000460                EXTI3_IRQHandler
                0x0000000008000460                TIM8_TRG_COM_TIM14_IRQHandler
                0x0000000008000460                TIM1_UP_TIM10_IRQHandler
                0x0000000008000460                TIM8_UP_TIM13_IRQHandler
                0x0000000008000460                I2C3_ER_IRQHandler
                0x0000000008000460                EXTI0_IRQHandler
                0x0000000008000460                I2C2_EV_IRQHandler
                0x0000000008000460                DMA1_Stream2_IRQHandler
                0x0000000008000460                CAN1_RX0_IRQHandler
                0x0000000008000460                FPU_IRQHandler
                0x0000000008000460                OTG_HS_WKUP_IRQHandler
                0x0000000008000460                LTDC_ER_IRQHandler
                0x0000000008000460                CAN2_SCE_IRQHandler
                0x0000000008000460                DMA2_Stream2_IRQHandler
                0x0000000008000460                SPI1_IRQHandler
                0x0000000008000460                TIM6_DAC_IRQHandler
                0x0000000008000460                TIM1_BRK_TIM9_IRQHandler
                0x0000000008000460                DCMI_IRQHandler
                0x0000000008000460                CAN2_RX0_IRQHandler
                0x0000000008000460                DMA2_Stream3_IRQHandler
                0x0000000008000460                SAI2_IRQHandler
                0x0000000008000460                USART6_IRQHandler
                0x0000000008000460                USART3_IRQHandler
                0x0000000008000460                CAN1_RX1_IRQHandler
                0x0000000008000460                UART5_IRQHandler
                0x0000000008000460                DMA2_Stream0_IRQHandler
                0x0000000008000460                TIM4_IRQHandler
                0x0000000008000460                QUADSPI_IRQHandler
                0x0000000008000460                I2C1_EV_IRQHandler
                0x0000000008000460                DMA1_Stream6_IRQHandler
                0x0000000008000460                DMA1_Stream1_IRQHandler
                0x0000000008000460                UART4_IRQHandler
                0x0000000008000460                TIM3_IRQHandler
                0x0000000008000460                RCC_IRQHandler
                0x0000000008000460                TIM8_BRK_TIM12_IRQHandler
                0x0000000008000460                Default_Handler
                0x0000000008000460                CEC_IRQHandler
                0x0000000008000460                EXTI15_10_IRQHandler
                0x0000000008000460                ADC_IRQHandler
                0x0000000008000460                DMA1_Stream7_IRQHandler
                0x0000000008000460                SPI5_IRQHandler
                0x0000000008000460                TIM7_IRQHandler
                0x0000000008000460                SDMMC1_IRQHandler
                0x0000000008000460                CAN2_TX_IRQHandler
                0x0000000008000460                TIM5_IRQHandler
                0x0000000008000460                DMA2_Stream7_IRQHandler
                0x0000000008000460                I2C3_EV_IRQHandler
                0x0000000008000460                EXTI9_5_IRQHandler
                0x0000000008000460                RTC_WKUP_IRQHandler
                0x0000000008000460                LTDC_IRQHandler
                0x0000000008000460                ETH_WKUP_IRQHandler
                0x0000000008000460                SPDIF_RX_IRQHandler
                0x0000000008000460                SPI2_IRQHandler
                0x0000000008000460                OTG_HS_EP1_IN_IRQHandler
                0x0000000008000460                DMA1_Stream0_IRQHandler
                0x0000000008000460                CAN1_TX_IRQHandler
                0x0000000008000460                EXTI4_IRQHandler
                0x0000000008000460                RNG_IRQHandler
                0x0000000008000460                ETH_IRQHandler
                0x0000000008000460                OTG_HS_EP1_OUT_IRQHandler
                0x0000000008000460                WWDG_IRQHandler
                0x0000000008000460                SPI6_IRQHandler
                0x0000000008000460                I2C4_EV_IRQHandler
                0x0000000008000460                TIM2_IRQHandler
                0x0000000008000460                OTG_FS_WKUP_IRQHandler
                0x0000000008000460                TIM1_TRG_COM_TIM11_IRQHandler
                0x0000000008000460                OTG_HS_IRQHandler
                0x0000000008000460                DMA2D_IRQHandler
                0x0000000008000460                EXTI1_IRQHandler
                0x0000000008000460                UART7_IRQHandler
                0x0000000008000460                USART2_IRQHandler
                0x0000000008000460                I2C2_ER_IRQHandler
                0x0000000008000460                DMA2_Stream1_IRQHandler
                0x0000000008000460                CAN1_SCE_IRQHandler
                0x0000000008000460                FLASH_IRQHandler
                0x0000000008000460                DMA2_Stream4_IRQHandler
                0x0000000008000460                USART1_IRQHandler
                0x0000000008000460                OTG_FS_IRQHandler
                0x0000000008000460                SPI3_IRQHandler
                0x0000000008000460                DMA1_Stream4_IRQHandler
                0x0000000008000460                I2C1_ER_IRQHandler
                0x0000000008000460                FMC_IRQHandler
                0x0000000008000460                LPTIM1_IRQHandler
                0x0000000008000460                I2C4_ER_IRQHandler
                0x0000000008000460                DMA2_Stream6_IRQHandler
                0x0000000008000460                SAI1_IRQHandler
                0x0000000008000460                DMA1_Stream3_IRQHandler
 .text.HAL_MspInit
                0x0000000008000462        0x2 /tmp/ccsxPtSD.o
                0x0000000008000462                HAL_MspInit
 .text.NMI_Handler
                0x0000000008000464        0x2 /tmp/cc9ID4Xg.o
                0x0000000008000464                NMI_Handler
 .text.HardFault_Handler
                0x0000000008000466        0x2 /tmp/cc9ID4Xg.o
                0x0000000008000466                HardFault_Handler
 .text.MemManage_Handler
                0x0000000008000468        0x2 /tmp/cc9ID4Xg.o
                0x0000000008000468                MemManage_Handler
 .text.BusFault_Handler
                0x000000000800046a        0x2 /tmp/cc9ID4Xg.o
                0x000000000800046a                BusFault_Handler
 .text.UsageFault_Handler
                0x000000000800046c        0x2 /tmp/cc9ID4Xg.o
                0x000000000800046c                UsageFault_Handler
 .text.SVC_Handler
                0x000000000800046e        0x2 /tmp/cc9ID4Xg.o
                0x000000000800046e                SVC_Handler
 .text.DebugMon_Handler
                0x0000000008000470        0x2 /tmp/cc9ID4Xg.o
                0x0000000008000470                DebugMon_Handler
 .text.PendSV_Handler
                0x0000000008000472        0x2 /tmp/cc9ID4Xg.o
                0x0000000008000472                PendSV_Handler
 .text.SysTick_Handler
                0x0000000008000474        0x4 /tmp/cc9ID4Xg.o
                0x0000000008000474                SysTick_Handler
 .text.SystemInit
                0x0000000008000478       0x4c /tmp/ccgom6qU.o
                0x0000000008000478                SystemInit
 .text.HAL_RCC_OscConfig
                0x00000000080004c4      0x3b0 ./Build/libstm32f7.a(stm32f7xx_hal_rcc.o)
                0x00000000080004c4                HAL_RCC_OscConfig
 .text.HAL_RCC_ClockConfig
                0x0000000008000874      0x1bc ./Build/libstm32f7.a(stm32f7xx_hal_rcc.o)
                0x0000000008000874                HAL_RCC_ClockConfig
 .text.HAL_RCC_GetSysClockFreq
                0x0000000008000a30       0x7c ./Build/libstm32f7.a(stm32f7xx_hal_rcc.o)
                0x0000000008000a30                HAL_RCC_GetSysClockFreq
 .text.HAL_RCC_GetHCLKFreq
                0x0000000008000aac       0x34 ./Build/libstm32f7.a(stm32f7xx_hal_rcc.o)
                0x0000000008000aac                HAL_RCC_GetHCLKFreq
 .text.HAL_InitTick
                0x0000000008000ae0       0x24 ./Build/libstm32f7.a(stm32f7xx_hal.o)
                0x0000000008000ae0                HAL_InitTick
 .text.HAL_Init
                0x0000000008000b04       0x24 ./Build/libstm32f7.a(stm32f7xx_hal.o)
                0x0000000008000b04                HAL_Init
 .text.HAL_IncTick
                0x0000000008000b28       0x10 ./Build/libstm32f7.a(stm32f7xx_hal.o)
                0x0000000008000b28                HAL_IncTick
 .text.HAL_GetTick
                0x0000000008000b38        0xc ./Build/libstm32f7.a(stm32f7xx_hal.o)
                0x0000000008000b38                HAL_GetTick
 .text.HAL_Delay
                0x0000000008000b44       0x1a ./Build/libstm32f7.a(stm32f7xx_hal.o)
                0x0000000008000b44                HAL_Delay
 *fill*         0x0000000008000b5e        0x2 
 .text.HAL_GPIO_Init
                0x0000000008000b60      0x1e0 ./Build/libstm32f7.a(stm32f7xx_hal_gpio.o)
                0x0000000008000b60                HAL_GPIO_Init
 .text.HAL_GPIO_WritePin
                0x0000000008000d40        0x8 ./Build/libstm32f7.a(stm32f7xx_hal_gpio.o)
                0x0000000008000d40                HAL_GPIO_WritePin
 .text.HAL_GPIO_TogglePin
                0x0000000008000d48        0x8 ./Build/libstm32f7.a(stm32f7xx_hal_gpio.o)
                0x0000000008000d48                HAL_GPIO_TogglePin
 .text.HAL_NVIC_SetPriorityGrouping
                0x0000000008000d50       0x24 ./Build/libstm32f7.a(stm32f7xx_hal_cortex.o)
                0x0000000008000d50                HAL_NVIC_SetPriorityGrouping
 .text.HAL_NVIC_SetPriority
                0x0000000008000d74       0x70 ./Build/libstm32f7.a(stm32f7xx_hal_cortex.o)
                0x0000000008000d74                HAL_NVIC_SetPriority
 .text.HAL_SYSTICK_Config
                0x0000000008000de4       0x2c ./Build/libstm32f7.a(stm32f7xx_hal_cortex.o)
                0x0000000008000de4                HAL_SYSTICK_Config
 .text.HAL_MPU_ConfigRegion
                0x0000000008000e10       0x4c ./Build/libstm32f7.a(stm32f7xx_hal_cortex.o)
                0x0000000008000e10                HAL_MPU_ConfigRegion
 .text.HAL_PWREx_EnableOverDrive
                0x0000000008000e5c       0x74 ./Build/libstm32f7.a(stm32f7xx_hal_pwr_ex.o)
                0x0000000008000e5c                HAL_PWREx_EnableOverDrive
 .text.BSP_LED_Init
                0x0000000008000ed0       0x4c ./Build/libstm32f7.a(stm32746g_discovery.o)
                0x0000000008000ed0                BSP_LED_Init
 .text.BSP_LED_On
                0x0000000008000f1c       0x14 ./Build/libstm32f7.a(stm32746g_discovery.o)
                0x0000000008000f1c                BSP_LED_On
 .text.BSP_LED_Off
                0x0000000008000f30       0x14 ./Build/libstm32f7.a(stm32746g_discovery.o)
                0x0000000008000f30                BSP_LED_Off
 .text.BSP_LED_Toggle
                0x0000000008000f44       0x10 ./Build/libstm32f7.a(stm32746g_discovery.o)
                0x0000000008000f44                BSP_LED_Toggle
 .text.__libc_init_array
                0x0000000008000f54       0x50 /usr/bin/../lib/gcc/arm-none-eabi/5.2.1/../../../../arm-none-eabi/lib/armv7e-m/fpu/libg.a(lib_a-init.o)
                0x0000000008000f54                __libc_init_array
 .text.startup.register_fini
                0x0000000008000fa4       0x14 /usr/bin/../lib/gcc/arm-none-eabi/5.2.1/../../../../arm-none-eabi/lib/armv7e-m/fpu/libg.a(lib_a-__call_atexit.o)
 .text.atexit   0x0000000008000fb8        0xc /usr/bin/../lib/gcc/arm-none-eabi/5.2.1/../../../../arm-none-eabi/lib/armv7e-m/fpu/libg.a(lib_a-atexit.o)
                0x0000000008000fb8                atexit
 .text.__libc_fini_array
                0x0000000008000fc4       0x28 /usr/bin/../lib/gcc/arm-none-eabi/5.2.1/../../../../arm-none-eabi/lib/armv7e-m/fpu/libg.a(lib_a-fini.o)
                0x0000000008000fc4                __libc_fini_array
 .text.__register_exitproc
                0x0000000008000fec       0xa4 /usr/bin/../lib/gcc/arm-none-eabi/5.2.1/../../../../arm-none-eabi/lib/armv7e-m/fpu/libg.a(lib_a-__atexit.o)
                0x0000000008000fec                __register_exitproc
 *(.glue_7)
 .glue_7        0x0000000008001090        0x0 linker stubs
 *(.glue_7t)
 .glue_7t       0x0000000008001090        0x0 linker stubs
 *(.eh_frame)
 .eh_frame      0x0000000008001090        0x0 /usr/bin/../lib/gcc/arm-none-eabi/5.2.1/armv7e-m/fpu/crtbegin.o
 *(.init)
 .init          0x0000000008001090        0x4 /usr/bin/../lib/gcc/arm-none-eabi/5.2.1/armv7e-m/fpu/crti.o
                0x0000000008001090                _init
 .init          0x0000000008001094        0x8 /usr/bin/../lib/gcc/arm-none-eabi/5.2.1/armv7e-m/fpu/crtn.o
 *(.fini)
 .fini          0x000000000800109c        0x4 /usr/bin/../lib/gcc/arm-none-eabi/5.2.1/armv7e-m/fpu/crti.o
                0x000000000800109c                _fini
 .fini          0x00000000080010a0        0x8 /usr/bin/../lib/gcc/arm-none-eabi/5.2.1/armv7e-m/fpu/crtn.o
                0x00000000080010a8                . = ALIGN (0x4)
                0x00000000080010a8                _etext = .

.vfp11_veneer   0x00000000080010a8        0x0
 .vfp11_veneer  0x00000000080010a8        0x0 linker stubs

.v4_bx          0x00000000080010a8        0x0
 .v4_bx         0x00000000080010a8        0x0 linker stubs

.iplt           0x00000000080010a8        0x0
 .iplt          0x00000000080010a8        0x0 /usr/bin/../lib/gcc/arm-none-eabi/5.2.1/armv7e-m/fpu/crtbegin.o

.rodata         0x00000000080010a8       0x18
                0x00000000080010a8                . = ALIGN (0x4)
 *(.rodata)
 *(.rodata*)
 .rodata.APBAHBPrescTable
                0x00000000080010a8       0x10 ./Build/libstm32f7.a(stm32f7xx_hal_rcc.o)
                0x00000000080010a8                APBAHBPrescTable
 .rodata.str1.4
                0x00000000080010b8        0x4 /usr/bin/../lib/gcc/arm-none-eabi/5.2.1/../../../../arm-none-eabi/lib/armv7e-m/fpu/libg.a(lib_a-impure.o)
                                          0x2 (size before relaxing)
 .rodata._global_impure_ptr
                0x00000000080010bc        0x4 /usr/bin/../lib/gcc/arm-none-eabi/5.2.1/../../../../arm-none-eabi/lib/armv7e-m/fpu/libg.a(lib_a-impure.o)
                0x00000000080010bc                _global_impure_ptr
                0x00000000080010c0                . = ALIGN (0x4)

.rel.dyn        0x00000000080010c0        0x0
 .rel.iplt      0x00000000080010c0        0x0 /usr/bin/../lib/gcc/arm-none-eabi/5.2.1/armv7e-m/fpu/crtbegin.o

.ARM.extab
 *(.ARM.extab* .gnu.linkonce.armextab.*)

.ARM            0x00000000080010c0        0x0
                0x00000000080010c0                __exidx_start = .
 *(.ARM.exidx*)
                0x00000000080010c0                __exidx_end = .

.preinit_array  0x00000000080010c0        0x0
                0x00000000080010c0                PROVIDE (__preinit_array_start, .)
 *(.preinit_array*)
                0x00000000080010c0                PROVIDE (__preinit_array_end, .)

.init_array     0x00000000080010c0        0x8
                0x00000000080010c0                PROVIDE (__init_array_start, .)
 *(SORT(.init_array.*))
 .init_array.00000
                0x00000000080010c0        0x4 /usr/bin/../lib/gcc/arm-none-eabi/5.2.1/../../../../arm-none-eabi/lib/armv7e-m/fpu/libg.a(lib_a-__call_atexit.o)
 *(.init_array*)
 .init_array    0x00000000080010c4        0x4 /usr/bin/../lib/gcc/arm-none-eabi/5.2.1/armv7e-m/fpu/crtbegin.o
                0x00000000080010c8                PROVIDE (__init_array_end, .)

.fini_array     0x00000000080010c8        0x4
                0x00000000080010c8                PROVIDE (__fini_array_start, .)
 *(SORT(.fini_array.*))
 *(.fini_array*)
 .fini_array    0x00000000080010c8        0x4 /usr/bin/../lib/gcc/arm-none-eabi/5.2.1/armv7e-m/fpu/crtbegin.o
                0x00000000080010cc                PROVIDE (__fini_array_end, .)
                0x00000000080010cc                _sidata = LOADADDR (.data)

.data           0x0000000020000000      0x430 load address 0x00000000080010cc
                0x0000000020000000                . = ALIGN (0x4)
                0x0000000020000000                _sdata = .
 *(.data)
 *(.data*)
 .data.SystemCoreClock
                0x0000000020000000        0x4 /tmp/ccgom6qU.o
                0x0000000020000000                SystemCoreClock
 *fill*         0x0000000020000004        0x4 
 .data.impure_data
                0x0000000020000008      0x428 /usr/bin/../lib/gcc/arm-none-eabi/5.2.1/../../../../arm-none-eabi/lib/armv7e-m/fpu/libg.a(lib_a-impure.o)
                0x0000000020000430                . = ALIGN (0x4)
                0x0000000020000430                _edata = .

.jcr            0x0000000020000430        0x0 load address 0x00000000080014fc
 .jcr           0x0000000020000430        0x0 /usr/bin/../lib/gcc/arm-none-eabi/5.2.1/armv7e-m/fpu/crtbegin.o

.tm_clone_table
                0x0000000020000430        0x0 load address 0x00000000080014fc
 .tm_clone_table
                0x0000000020000430        0x0 /usr/bin/../lib/gcc/arm-none-eabi/5.2.1/armv7e-m/fpu/crtbegin.o
 .tm_clone_table
                0x0000000020000430        0x0 /usr/bin/../lib/gcc/arm-none-eabi/5.2.1/armv7e-m/fpu/crtend.o

.igot.plt       0x0000000020000430        0x0 load address 0x00000000080014fc
 .igot.plt      0x0000000020000430        0x0 /usr/bin/../lib/gcc/arm-none-eabi/5.2.1/armv7e-m/fpu/crtbegin.o
                0x0000000020000430                . = ALIGN (0x4)

.bss            0x0000000020000430       0x20 load address 0x00000000080014fc
                0x0000000020000430                _sbss = .
                0x0000000020000430                __bss_start__ = _sbss
 *(.bss)
 .bss           0x0000000020000430       0x1c /usr/bin/../lib/gcc/arm-none-eabi/5.2.1/armv7e-m/fpu/crtbegin.o
 *(.bss*)
 .bss.uwTick    0x000000002000044c        0x4 ./Build/libstm32f7.a(stm32f7xx_hal.o)
 *(COMMON)
                0x0000000020000450                . = ALIGN (0x4)
                0x0000000020000450                _ebss = .
                0x0000000020000450                __bss_end__ = _ebss

._user_heap_stack
                0x0000000020000450      0x600 load address 0x00000000080014fc
                0x0000000020000450                . = ALIGN (0x4)
                [!provide]                        PROVIDE (end, .)
                [!provide]                        PROVIDE (_end, .)
                0x0000000020000650                . = (. + _Min_Heap_Size)
 *fill*         0x0000000020000450      0x200 
                0x0000000020000a50                . = (. + _Min_Stack_Size)
 *fill*         0x0000000020000650      0x400 
                0x0000000020000a50                . = ALIGN (0x4)

/DISCARD/
 libc.a(*)
 libm.a(*)
 libgcc.a(*)

.ARM.attributes
                0x0000000000000000       0x30
 *(.ARM.attributes)
 .ARM.attributes
                0x0000000000000000       0x22 /usr/bin/../lib/gcc/arm-none-eabi/5.2.1/armv7e-m/fpu/crti.o
 .ARM.attributes
                0x0000000000000022       0x34 /usr/bin/../lib/gcc/arm-none-eabi/5.2.1/armv7e-m/fpu/crtbegin.o
 .ARM.attributes
                0x0000000000000056       0x39 /tmp/ccpezoMo.o
 .ARM.attributes
                0x000000000000008f       0x21 /tmp/ccFcAG90.o
 .ARM.attributes
                0x00000000000000b0       0x39 /tmp/ccsxPtSD.o
 .ARM.attributes
                0x00000000000000e9       0x39 /tmp/cc9ID4Xg.o
 .ARM.attributes
                0x0000000000000122       0x39 /tmp/ccgom6qU.o
 .ARM.attributes
                0x000000000000015b       0x39 ./Build/libstm32f7.a(stm32f7xx_hal_rcc.o)
 .ARM.attributes
                0x0000000000000194       0x39 ./Build/libstm32f7.a(stm32f7xx_hal.o)
 .ARM.attributes
                0x00000000000001cd       0x39 ./Build/libstm32f7.a(stm32f7xx_hal_gpio.o)
 .ARM.attributes
                0x0000000000000206       0x39 ./Build/libstm32f7.a(stm32f7xx_hal_cortex.o)
 .ARM.attributes
                0x000000000000023f       0x39 ./Build/libstm32f7.a(stm32f7xx_hal_pwr_ex.o)
 .ARM.attributes
                0x0000000000000278       0x39 ./Build/libstm32f7.a(stm32746g_discovery.o)
 .ARM.attributes
                0x00000000000002b1       0x34 /usr/bin/../lib/gcc/arm-none-eabi/5.2.1/../../../../arm-none-eabi/lib/armv7e-m/fpu/libg.a(lib_a-impure.o)
 .ARM.attributes
                0x00000000000002e5       0x34 /usr/bin/../lib/gcc/arm-none-eabi/5.2.1/../../../../arm-none-eabi/lib/armv7e-m/fpu/libg.a(lib_a-init.o)
 .ARM.attributes
                0x0000000000000319       0x34 /usr/bin/../lib/gcc/arm-none-eabi/5.2.1/../../../../arm-none-eabi/lib/armv7e-m/fpu/libg.a(lib_a-__call_atexit.o)
 .ARM.attributes
                0x000000000000034d       0x34 /usr/bin/../lib/gcc/arm-none-eabi/5.2.1/../../../../arm-none-eabi/lib/armv7e-m/fpu/libg.a(lib_a-atexit.o)
 .ARM.attributes
                0x0000000000000381       0x34 /usr/bin/../lib/gcc/arm-none-eabi/5.2.1/../../../../arm-none-eabi/lib/armv7e-m/fpu/libg.a(lib_a-fini.o)
 .ARM.attributes
                0x00000000000003b5       0x34 /usr/bin/../lib/gcc/arm-none-eabi/5.2.1/../../../../arm-none-eabi/lib/armv7e-m/fpu/libg.a(lib_a-__atexit.o)
 .ARM.attributes
                0x00000000000003e9       0x34 /usr/bin/../lib/gcc/arm-none-eabi/5.2.1/armv7e-m/fpu/crtend.o
 .ARM.attributes
                0x000000000000041d       0x22 /usr/bin/../lib/gcc/arm-none-eabi/5.2.1/armv7e-m/fpu/crtn.o
OUTPUT(Build/main.elf elf32-littlearm)

.debug_info     0x0000000000000000     0x6ca8
 .debug_info    0x0000000000000000      0xcd1 /tmp/ccpezoMo.o
 .debug_info    0x0000000000000cd1       0x72 /tmp/ccFcAG90.o
 .debug_info    0x0000000000000d43       0xb8 /tmp/ccsxPtSD.o
 .debug_info    0x0000000000000dfb      0x126 /tmp/cc9ID4Xg.o
 .debug_info    0x0000000000000f21      0x6a3 /tmp/ccgom6qU.o
 .debug_info    0x00000000000015c4      0xd0b ./Build/libstm32f7.a(stm32f7xx_hal_rcc.o)
 .debug_info    0x00000000000022cf      0x962 ./Build/libstm32f7.a(stm32f7xx_hal.o)
 .debug_info    0x0000000000002c31      0x74c ./Build/libstm32f7.a(stm32f7xx_hal_gpio.o)
 .debug_info    0x000000000000337d     0x10a5 ./Build/libstm32f7.a(stm32f7xx_hal_cortex.o)
 .debug_info    0x0000000000004422      0x9b4 ./Build/libstm32f7.a(stm32f7xx_hal_pwr_ex.o)
 .debug_info    0x0000000000004dd6     0x1ed2 ./Build/libstm32f7.a(stm32746g_discovery.o)

.debug_abbrev   0x0000000000000000     0x1421
 .debug_abbrev  0x0000000000000000      0x29c /tmp/ccpezoMo.o
 .debug_abbrev  0x000000000000029c       0x12 /tmp/ccFcAG90.o
 .debug_abbrev  0x00000000000002ae       0x70 /tmp/ccsxPtSD.o
 .debug_abbrev  0x000000000000031e       0xc4 /tmp/cc9ID4Xg.o
 .debug_abbrev  0x00000000000003e2      0x11d /tmp/ccgom6qU.o
 .debug_abbrev  0x00000000000004ff      0x302 ./Build/libstm32f7.a(stm32f7xx_hal_rcc.o)
 .debug_abbrev  0x0000000000000801      0x1c8 ./Build/libstm32f7.a(stm32f7xx_hal.o)
 .debug_abbrev  0x00000000000009c9      0x1c8 ./Build/libstm32f7.a(stm32f7xx_hal_gpio.o)
 .debug_abbrev  0x0000000000000b91      0x326 ./Build/libstm32f7.a(stm32f7xx_hal_cortex.o)
 .debug_abbrev  0x0000000000000eb7      0x1d1 ./Build/libstm32f7.a(stm32f7xx_hal_pwr_ex.o)
 .debug_abbrev  0x0000000000001088      0x399 ./Build/libstm32f7.a(stm32746g_discovery.o)

.debug_loc      0x0000000000000000     0x1a45
 .debug_loc     0x0000000000000000       0xbf /tmp/ccpezoMo.o
 .debug_loc     0x00000000000000bf       0xdb /tmp/ccgom6qU.o
 .debug_loc     0x000000000000019a      0x57e ./Build/libstm32f7.a(stm32f7xx_hal_rcc.o)
 .debug_loc     0x0000000000000718       0x5c ./Build/libstm32f7.a(stm32f7xx_hal.o)
 .debug_loc     0x0000000000000774      0x36c ./Build/libstm32f7.a(stm32f7xx_hal_gpio.o)
 .debug_loc     0x0000000000000ae0      0x4cd ./Build/libstm32f7.a(stm32f7xx_hal_cortex.o)
 .debug_loc     0x0000000000000fad      0x1e8 ./Build/libstm32f7.a(stm32f7xx_hal_pwr_ex.o)
 .debug_loc     0x0000000000001195      0x8b0 ./Build/libstm32f7.a(stm32746g_discovery.o)

.debug_aranges  0x0000000000000000      0x490
 .debug_aranges
                0x0000000000000000       0x28 /tmp/ccpezoMo.o
 .debug_aranges
                0x0000000000000028       0x28 /tmp/ccFcAG90.o
 .debug_aranges
                0x0000000000000050       0x20 /tmp/ccsxPtSD.o
 .debug_aranges
                0x0000000000000070       0x48 /tmp/cc9ID4Xg.o
 .debug_aranges
                0x00000000000000b8       0x28 /tmp/ccgom6qU.o
 .debug_aranges
                0x00000000000000e0       0x88 ./Build/libstm32f7.a(stm32f7xx_hal_rcc.o)
 .debug_aranges
                0x0000000000000168       0xc8 ./Build/libstm32f7.a(stm32f7xx_hal.o)
 .debug_aranges
                0x0000000000000230       0x58 ./Build/libstm32f7.a(stm32f7xx_hal_gpio.o)
 .debug_aranges
                0x0000000000000288       0x98 ./Build/libstm32f7.a(stm32f7xx_hal_cortex.o)
 .debug_aranges
                0x0000000000000320       0x80 ./Build/libstm32f7.a(stm32f7xx_hal_pwr_ex.o)
 .debug_aranges
                0x00000000000003a0       0xf0 ./Build/libstm32f7.a(stm32746g_discovery.o)

.debug_ranges   0x0000000000000000      0x808
 .debug_ranges  0x0000000000000000       0xa8 /tmp/ccpezoMo.o
 .debug_ranges  0x00000000000000a8       0x20 /tmp/ccFcAG90.o
 .debug_ranges  0x00000000000000c8       0x10 /tmp/ccsxPtSD.o
 .debug_ranges  0x00000000000000d8       0x38 /tmp/cc9ID4Xg.o
 .debug_ranges  0x0000000000000110       0x18 /tmp/ccgom6qU.o
 .debug_ranges  0x0000000000000128      0x1b8 ./Build/libstm32f7.a(stm32f7xx_hal_rcc.o)
 .debug_ranges  0x00000000000002e0       0xb8 ./Build/libstm32f7.a(stm32f7xx_hal.o)
 .debug_ranges  0x0000000000000398       0x78 ./Build/libstm32f7.a(stm32f7xx_hal_gpio.o)
 .debug_ranges  0x0000000000000410      0x140 ./Build/libstm32f7.a(stm32f7xx_hal_cortex.o)
 .debug_ranges  0x0000000000000550      0x100 ./Build/libstm32f7.a(stm32f7xx_hal_pwr_ex.o)
 .debug_ranges  0x0000000000000650      0x1b8 ./Build/libstm32f7.a(stm32746g_discovery.o)

.debug_line     0x0000000000000000     0x1d4c
 .debug_line    0x0000000000000000      0x2e2 /tmp/ccpezoMo.o
 .debug_line    0x00000000000002e2       0x7b /tmp/ccFcAG90.o
 .debug_line    0x000000000000035d       0xd4 /tmp/ccsxPtSD.o
 .debug_line    0x0000000000000431      0x145 /tmp/cc9ID4Xg.o
 .debug_line    0x0000000000000576      0x13e /tmp/ccgom6qU.o
 .debug_line    0x00000000000006b4      0x551 ./Build/libstm32f7.a(stm32f7xx_hal_rcc.o)
 .debug_line    0x0000000000000c05      0x2fc ./Build/libstm32f7.a(stm32f7xx_hal.o)
 .debug_line    0x0000000000000f01      0x352 ./Build/libstm32f7.a(stm32f7xx_hal_gpio.o)
 .debug_line    0x0000000000001253      0x353 ./Build/libstm32f7.a(stm32f7xx_hal_cortex.o)
 .debug_line    0x00000000000015a6      0x2c5 ./Build/libstm32f7.a(stm32f7xx_hal_pwr_ex.o)
 .debug_line    0x000000000000186b      0x4e1 ./Build/libstm32f7.a(stm32746g_discovery.o)

.debug_str      0x0000000000000000     0x235e
 .debug_str     0x0000000000000000      0x750 /tmp/ccpezoMo.o
                                        0x7bf (size before relaxing)
 .debug_str     0x0000000000000750       0x29 /tmp/ccsxPtSD.o
                                        0x1d6 (size before relaxing)
 .debug_str     0x0000000000000779       0x89 /tmp/cc9ID4Xg.o
                                        0x236 (size before relaxing)
 .debug_str     0x0000000000000802       0x66 /tmp/ccgom6qU.o
                                        0x47d (size before relaxing)
 .debug_str     0x0000000000000868      0x2fe ./Build/libstm32f7.a(stm32f7xx_hal_rcc.o)
                                        0x6f0 (size before relaxing)
 .debug_str     0x0000000000000b66      0x803 ./Build/libstm32f7.a(stm32f7xx_hal.o)
                                        0xbaf (size before relaxing)
 .debug_str     0x0000000000001369      0x126 ./Build/libstm32f7.a(stm32f7xx_hal_gpio.o)
                                        0x51a (size before relaxing)
 .debug_str     0x000000000000148f      0x245 ./Build/libstm32f7.a(stm32f7xx_hal_cortex.o)
                                        0xd7a (size before relaxing)
 .debug_str     0x00000000000016d4      0x1d6 ./Build/libstm32f7.a(stm32f7xx_hal_pwr_ex.o)
                                        0x675 (size before relaxing)
 .debug_str     0x00000000000018aa      0xab4 ./Build/libstm32f7.a(stm32746g_discovery.o)
                                       0x154b (size before relaxing)

.comment        0x0000000000000000       0x6e
 .comment       0x0000000000000000       0x6e /tmp/ccpezoMo.o
                                         0x6f (size before relaxing)
 .comment       0x000000000000006e       0x6f /tmp/ccsxPtSD.o
 .comment       0x000000000000006e       0x6f /tmp/cc9ID4Xg.o
 .comment       0x000000000000006e       0x6f /tmp/ccgom6qU.o
 .comment       0x000000000000006e       0x6f ./Build/libstm32f7.a(stm32f7xx_hal_rcc.o)
 .comment       0x000000000000006e       0x6f ./Build/libstm32f7.a(stm32f7xx_hal.o)
 .comment       0x000000000000006e       0x6f ./Build/libstm32f7.a(stm32f7xx_hal_gpio.o)
 .comment       0x000000000000006e       0x6f ./Build/libstm32f7.a(stm32f7xx_hal_cortex.o)
 .comment       0x000000000000006e       0x6f ./Build/libstm32f7.a(stm32f7xx_hal_pwr_ex.o)
 .comment       0x000000000000006e       0x6f ./Build/libstm32f7.a(stm32746g_discovery.o)

.debug_frame    0x0000000000000000      0xb84
 .debug_frame   0x0000000000000000       0x40 /tmp/ccpezoMo.o
 .debug_frame   0x0000000000000040       0x30 /tmp/ccsxPtSD.o
 .debug_frame   0x0000000000000070       0xa0 /tmp/cc9ID4Xg.o
 .debug_frame   0x0000000000000110       0x30 /tmp/ccgom6qU.o
 .debug_frame   0x0000000000000140      0x158 ./Build/libstm32f7.a(stm32f7xx_hal_rcc.o)
 .debug_frame   0x0000000000000298      0x1ac ./Build/libstm32f7.a(stm32f7xx_hal.o)
 .debug_frame   0x0000000000000444       0xdc ./Build/libstm32f7.a(stm32f7xx_hal_gpio.o)
 .debug_frame   0x0000000000000520      0x138 ./Build/libstm32f7.a(stm32f7xx_hal_cortex.o)
 .debug_frame   0x0000000000000658      0x140 ./Build/libstm32f7.a(stm32f7xx_hal_pwr_ex.o)
 .debug_frame   0x0000000000000798      0x2e8 ./Build/libstm32f7.a(stm32746g_discovery.o)
 .debug_frame   0x0000000000000a80       0x2c /usr/bin/../lib/gcc/arm-none-eabi/5.2.1/../../../../arm-none-eabi/lib/armv7e-m/fpu/libg.a(lib_a-init.o)
 .debug_frame   0x0000000000000aac       0x50 /usr/bin/../lib/gcc/arm-none-eabi/5.2.1/../../../../arm-none-eabi/lib/armv7e-m/fpu/libg.a(lib_a-__call_atexit.o)
 .debug_frame   0x0000000000000afc       0x20 /usr/bin/../lib/gcc/arm-none-eabi/5.2.1/../../../../arm-none-eabi/lib/armv7e-m/fpu/libg.a(lib_a-atexit.o)
 .debug_frame   0x0000000000000b1c       0x34 /usr/bin/../lib/gcc/arm-none-eabi/5.2.1/../../../../arm-none-eabi/lib/armv7e-m/fpu/libg.a(lib_a-fini.o)
 .debug_frame   0x0000000000000b50       0x34 /usr/bin/../lib/gcc/arm-none-eabi/5.2.1/../../../../arm-none-eabi/lib/armv7e-m/fpu/libg.a(lib_a-__atexit.o)
